SQL> revoke dba from angel;

Revoke succeeded.

SQL> conn angel/angel;
ERROR:
ORA-01045: user ANGEL lacks CREATE SESSION privilege; logon denied


Warning: You are no longer connected to ORACLE.
SQL> drop user angel;
SP2-0640: Not connected
SQL> conn /as sysdba;
Connected.
SQL> drop user angel;

User dropped.